
> boks-web-ble@1.0.0 test:e2e /app
> playwright test


Running 12 tests using 2 workers

  ✘   1 [Mobile Chrome] › tests/basic_flow.spec.ts:8:3 › Boks Basic Flow (Simulator) › should load the dashboard (5ms)
  ✘   2 [Mobile Chrome] › tests/basic_flow.spec.ts:12:3 › Boks Basic Flow (Simulator) › should connect using the simulator (12ms)
  ✘   3 [Mobile Chrome] › tests/basic_flow.spec.ts:46:3 › Boks Basic Flow (Simulator) › should open the door via simulator (9ms)
  ✘   4 [Mobile Chrome] › tests/bluetooth_logs.spec.ts:8:3 › Bluetooth Logs Feature › should send GET_LOGS_COUNT when refreshing logs (4ms)
  ✘   5 [Mobile Chrome] › tests/bluetooth_open_door.spec.ts:8:3 › Bluetooth Open Door Feature › should send correct OPEN_DOOR packet with PIN code (4ms)
  ✘   6 [Mobile Chrome] › tests/bluetooth_pin_management.spec.ts:8:3 › Bluetooth PIN Management › should send CREATE_MASTER_CODE event (4ms)
  ✘   7 [Mobile Chrome] › tests/maintenance.spec.ts:20:3 › Maintenance Page › should navigate to maintenance page and run clean master codes script (5ms)
  ✘   8 [Mobile Chrome] › tests/redirect_on_new_device.spec.ts:4:3 › New Device Redirect › should redirect to settings tab when adding a new device (4ms)
  ✘   9 [Mobile Chrome] › tests/screenshot_demo.spec.ts:3:1 › Generate screenshot of codes view with mixed statuses (4ms)
  ✘  10 [Mobile Chrome] › tests/version_gating.spec.ts:16:3 › Version Gating › should soft-disable NFC tab and show toast for older firmware (10ms)
  ✘  11 [Mobile Chrome] › tests/version_gating.spec.ts:52:3 › Version Gating › should allow toggling La Poste on supported firmware (4ms)
  ✘  12 [Mobile Chrome] › tests/version_gating.spec.ts:91:3 › Version Gating › should handle hardware version mapping (4ms)


  1) [Mobile Chrome] › tests/basic_flow.spec.ts:8:3 › Boks Basic Flow (Simulator) › should load the dashboard

    Error: browserType.launch: Target page, context or browser has been closed
    Browser logs:

    ╔════════════════════════════════════════════════════════════════════════════════════════════════╗
    ║ Looks like you launched a headed browser without having a XServer running.                     ║
    ║ Set either 'headless: true' or use 'xvfb-run <your-playwright-app>' before running Playwright. ║
    ║                                                                                                ║
    ║ <3 Playwright Team                                                                             ║
    ╚════════════════════════════════════════════════════════════════════════════════════════════════╝
    Call log:
    [2m  - <launching> /home/jules/.cache/ms-playwright/chromium-1208/chrome-linux64/chrome --disable-field-trial-config --disable-background-networking --disable-background-timer-throttling --disable-backgrounding-occluded-windows --disable-back-forward-cache --disable-breakpad --disable-client-side-phishing-detection --disable-component-extensions-with-background-pages --disable-component-update --no-default-browser-check --disable-default-apps --disable-dev-shm-usage --disable-extensions --disable-features=AvoidUnnecessaryBeforeUnloadCheckSync,BoundaryEventDispatchTracksNodeRemoval,DestroyProfileOnBrowserClose,DialMediaRouteProvider,GlobalMediaControls,HttpsUpgrades,LensOverlay,MediaRouter,PaintHolding,ThirdPartyStoragePartitioning,Translate,AutoDeElevate,RenderDocument,OptimizationHints --enable-features=CDPScreenshotNewSurface --allow-pre-commit-input --disable-hang-monitor --disable-ipc-flooding-protection --disable-popup-blocking --disable-prompt-on-repost --disable-renderer-backgrounding --force-color-profile=srgb --metrics-recording-only --no-first-run --password-store=basic --use-mock-keychain --no-service-autorun --export-tagged-pdf --disable-search-engine-choice-screen --unsafely-disable-devtools-self-xss-warnings --edge-skip-compat-layer-relaunch --enable-automation --disable-infobars --disable-search-engine-choice-screen --disable-sync --enable-unsafe-swiftshader --no-sandbox --disable-translate --disable-features=Translate --user-data-dir=/tmp/playwright_chromiumdev_profile-Z1OD15 --remote-debugging-pipe --no-startup-window[22m
    [2m  - <launched> pid=2389[22m
    [2m  - [pid=2389][err] [2389:2389:0208/180910.208189:ERROR:ui/ozone/platform/x11/ozone_platform_x11.cc:256] Missing X server or $DISPLAY[22m
    [2m  - [pid=2389][err] [2389:2389:0208/180910.208279:ERROR:ui/aura/env.cc:246] The platform failed to initialize.  Exiting.[22m
    [2m  - [pid=2389] <gracefully close start>[22m
    [2m  - [pid=2389] <kill>[22m
    [2m  - [pid=2389] <will force kill>[22m
    [2m  - [pid=2389] <process did exit: exitCode=1, signal=null>[22m
    [2m  - [pid=2389] starting temporary directories cleanup[22m
    [2m  - [pid=2389] finished temporary directories cleanup[22m
    [2m  - [pid=2389] <gracefully close end>[22m


  2) [Mobile Chrome] › tests/basic_flow.spec.ts:12:3 › Boks Basic Flow (Simulator) › should connect using the simulator

    Error: browserType.launch: Target page, context or browser has been closed
    Browser logs:

    ╔════════════════════════════════════════════════════════════════════════════════════════════════╗
    ║ Looks like you launched a headed browser without having a XServer running.                     ║
    ║ Set either 'headless: true' or use 'xvfb-run <your-playwright-app>' before running Playwright. ║
    ║                                                                                                ║
    ║ <3 Playwright Team                                                                             ║
    ╚════════════════════════════════════════════════════════════════════════════════════════════════╝
    Call log:
    [2m  - <launching> /home/jules/.cache/ms-playwright/chromium-1208/chrome-linux64/chrome --disable-field-trial-config --disable-background-networking --disable-background-timer-throttling --disable-backgrounding-occluded-windows --disable-back-forward-cache --disable-breakpad --disable-client-side-phishing-detection --disable-component-extensions-with-background-pages --disable-component-update --no-default-browser-check --disable-default-apps --disable-dev-shm-usage --disable-extensions --disable-features=AvoidUnnecessaryBeforeUnloadCheckSync,BoundaryEventDispatchTracksNodeRemoval,DestroyProfileOnBrowserClose,DialMediaRouteProvider,GlobalMediaControls,HttpsUpgrades,LensOverlay,MediaRouter,PaintHolding,ThirdPartyStoragePartitioning,Translate,AutoDeElevate,RenderDocument,OptimizationHints --enable-features=CDPScreenshotNewSurface --allow-pre-commit-input --disable-hang-monitor --disable-ipc-flooding-protection --disable-popup-blocking --disable-prompt-on-repost --disable-renderer-backgrounding --force-color-profile=srgb --metrics-recording-only --no-first-run --password-store=basic --use-mock-keychain --no-service-autorun --export-tagged-pdf --disable-search-engine-choice-screen --unsafely-disable-devtools-self-xss-warnings --edge-skip-compat-layer-relaunch --enable-automation --disable-infobars --disable-search-engine-choice-screen --disable-sync --enable-unsafe-swiftshader --no-sandbox --disable-translate --disable-features=Translate --user-data-dir=/tmp/playwright_chromiumdev_profile-xPUTOG --remote-debugging-pipe --no-startup-window[22m
    [2m  - <launched> pid=2396[22m
    [2m  - [pid=2396][err] [2396:2396:0208/180910.319532:ERROR:ui/ozone/platform/x11/ozone_platform_x11.cc:256] Missing X server or $DISPLAY[22m
    [2m  - [pid=2396][err] [2396:2396:0208/180910.321022:ERROR:ui/aura/env.cc:246] The platform failed to initialize.  Exiting.[22m
    [2m  - [pid=2396] <gracefully close start>[22m
    [2m  - [pid=2396] <kill>[22m
    [2m  - [pid=2396] <will force kill>[22m
    [2m  - [pid=2396] <process did exit: exitCode=1, signal=null>[22m
    [2m  - [pid=2396] starting temporary directories cleanup[22m
    [2m  - [pid=2396] finished temporary directories cleanup[22m
    [2m  - [pid=2396] <gracefully close end>[22m


  3) [Mobile Chrome] › tests/basic_flow.spec.ts:46:3 › Boks Basic Flow (Simulator) › should open the door via simulator

    Error: browserType.launch: Target page, context or browser has been closed
    Browser logs:

    ╔════════════════════════════════════════════════════════════════════════════════════════════════╗
    ║ Looks like you launched a headed browser without having a XServer running.                     ║
    ║ Set either 'headless: true' or use 'xvfb-run <your-playwright-app>' before running Playwright. ║
    ║                                                                                                ║
    ║ <3 Playwright Team                                                                             ║
    ╚════════════════════════════════════════════════════════════════════════════════════════════════╝
    Call log:
    [2m  - <launching> /home/jules/.cache/ms-playwright/chromium-1208/chrome-linux64/chrome --disable-field-trial-config --disable-background-networking --disable-background-timer-throttling --disable-backgrounding-occluded-windows --disable-back-forward-cache --disable-breakpad --disable-client-side-phishing-detection --disable-component-extensions-with-background-pages --disable-component-update --no-default-browser-check --disable-default-apps --disable-dev-shm-usage --disable-extensions --disable-features=AvoidUnnecessaryBeforeUnloadCheckSync,BoundaryEventDispatchTracksNodeRemoval,DestroyProfileOnBrowserClose,DialMediaRouteProvider,GlobalMediaControls,HttpsUpgrades,LensOverlay,MediaRouter,PaintHolding,ThirdPartyStoragePartitioning,Translate,AutoDeElevate,RenderDocument,OptimizationHints --enable-features=CDPScreenshotNewSurface --allow-pre-commit-input --disable-hang-monitor --disable-ipc-flooding-protection --disable-popup-blocking --disable-prompt-on-repost --disable-renderer-backgrounding --force-color-profile=srgb --metrics-recording-only --no-first-run --password-store=basic --use-mock-keychain --no-service-autorun --export-tagged-pdf --disable-search-engine-choice-screen --unsafely-disable-devtools-self-xss-warnings --edge-skip-compat-layer-relaunch --enable-automation --disable-infobars --disable-search-engine-choice-screen --disable-sync --enable-unsafe-swiftshader --no-sandbox --disable-translate --disable-features=Translate --user-data-dir=/tmp/playwright_chromiumdev_profile-wxPxks --remote-debugging-pipe --no-startup-window[22m
    [2m  - <launched> pid=2458[22m
    [2m  - [pid=2458][err] [2458:2458:0208/180913.688016:ERROR:ui/ozone/platform/x11/ozone_platform_x11.cc:256] Missing X server or $DISPLAY[22m
    [2m  - [pid=2458][err] [2458:2458:0208/180913.688078:ERROR:ui/aura/env.cc:246] The platform failed to initialize.  Exiting.[22m
    [2m  - [pid=2458] <gracefully close start>[22m
    [2m  - [pid=2458] <kill>[22m
    [2m  - [pid=2458] <will force kill>[22m
    [2m  - [pid=2458] <process did exit: exitCode=1, signal=null>[22m
    [2m  - [pid=2458] starting temporary directories cleanup[22m
    [2m  - [pid=2458] finished temporary directories cleanup[22m
    [2m  - [pid=2458] <gracefully close end>[22m


  4) [Mobile Chrome] › tests/bluetooth_logs.spec.ts:8:3 › Bluetooth Logs Feature › should send GET_LOGS_COUNT when refreshing logs

    Error: browserType.launch: Target page, context or browser has been closed
    Browser logs:

    ╔════════════════════════════════════════════════════════════════════════════════════════════════╗
    ║ Looks like you launched a headed browser without having a XServer running.                     ║
    ║ Set either 'headless: true' or use 'xvfb-run <your-playwright-app>' before running Playwright. ║
    ║                                                                                                ║
    ║ <3 Playwright Team                                                                             ║
    ╚════════════════════════════════════════════════════════════════════════════════════════════════╝
    Call log:
    [2m  - <launching> /home/jules/.cache/ms-playwright/chromium-1208/chrome-linux64/chrome --disable-field-trial-config --disable-background-networking --disable-background-timer-throttling --disable-backgrounding-occluded-windows --disable-back-forward-cache --disable-breakpad --disable-client-side-phishing-detection --disable-component-extensions-with-background-pages --disable-component-update --no-default-browser-check --disable-default-apps --disable-dev-shm-usage --disable-extensions --disable-features=AvoidUnnecessaryBeforeUnloadCheckSync,BoundaryEventDispatchTracksNodeRemoval,DestroyProfileOnBrowserClose,DialMediaRouteProvider,GlobalMediaControls,HttpsUpgrades,LensOverlay,MediaRouter,PaintHolding,ThirdPartyStoragePartitioning,Translate,AutoDeElevate,RenderDocument,OptimizationHints --enable-features=CDPScreenshotNewSurface --allow-pre-commit-input --disable-hang-monitor --disable-ipc-flooding-protection --disable-popup-blocking --disable-prompt-on-repost --disable-renderer-backgrounding --force-color-profile=srgb --metrics-recording-only --no-first-run --password-store=basic --use-mock-keychain --no-service-autorun --export-tagged-pdf --disable-search-engine-choice-screen --unsafely-disable-devtools-self-xss-warnings --edge-skip-compat-layer-relaunch --enable-automation --disable-infobars --disable-search-engine-choice-screen --disable-sync --enable-unsafe-swiftshader --no-sandbox --disable-translate --disable-features=Translate --user-data-dir=/tmp/playwright_chromiumdev_profile-vs57Ya --remote-debugging-pipe --no-startup-window[22m
    [2m  - <launched> pid=2489[22m
    [2m  - [pid=2489][err] [2489:2489:0208/180913.892014:ERROR:ui/ozone/platform/x11/ozone_platform_x11.cc:256] Missing X server or $DISPLAY[22m
    [2m  - [pid=2489][err] [2489:2489:0208/180913.892073:ERROR:ui/aura/env.cc:246] The platform failed to initialize.  Exiting.[22m
    [2m  - [pid=2489] <gracefully close start>[22m
    [2m  - [pid=2489] <kill>[22m
    [2m  - [pid=2489] <will force kill>[22m
    [2m  - [pid=2489] <process did exit: exitCode=1, signal=null>[22m
    [2m  - [pid=2489] starting temporary directories cleanup[22m
    [2m  - [pid=2489] finished temporary directories cleanup[22m
    [2m  - [pid=2489] <gracefully close end>[22m


  5) [Mobile Chrome] › tests/bluetooth_open_door.spec.ts:8:3 › Bluetooth Open Door Feature › should send correct OPEN_DOOR packet with PIN code

    Error: browserType.launch: Target page, context or browser has been closed
    Browser logs:

    ╔════════════════════════════════════════════════════════════════════════════════════════════════╗
    ║ Looks like you launched a headed browser without having a XServer running.                     ║
    ║ Set either 'headless: true' or use 'xvfb-run <your-playwright-app>' before running Playwright. ║
    ║                                                                                                ║
    ║ <3 Playwright Team                                                                             ║
    ╚════════════════════════════════════════════════════════════════════════════════════════════════╝
    Call log:
    [2m  - <launching> /home/jules/.cache/ms-playwright/chromium-1208/chrome-linux64/chrome --disable-field-trial-config --disable-background-networking --disable-background-timer-throttling --disable-backgrounding-occluded-windows --disable-back-forward-cache --disable-breakpad --disable-client-side-phishing-detection --disable-component-extensions-with-background-pages --disable-component-update --no-default-browser-check --disable-default-apps --disable-dev-shm-usage --disable-extensions --disable-features=AvoidUnnecessaryBeforeUnloadCheckSync,BoundaryEventDispatchTracksNodeRemoval,DestroyProfileOnBrowserClose,DialMediaRouteProvider,GlobalMediaControls,HttpsUpgrades,LensOverlay,MediaRouter,PaintHolding,ThirdPartyStoragePartitioning,Translate,AutoDeElevate,RenderDocument,OptimizationHints --enable-features=CDPScreenshotNewSurface --allow-pre-commit-input --disable-hang-monitor --disable-ipc-flooding-protection --disable-popup-blocking --disable-prompt-on-repost --disable-renderer-backgrounding --force-color-profile=srgb --metrics-recording-only --no-first-run --password-store=basic --use-mock-keychain --no-service-autorun --export-tagged-pdf --disable-search-engine-choice-screen --unsafely-disable-devtools-self-xss-warnings --edge-skip-compat-layer-relaunch --enable-automation --disable-infobars --disable-search-engine-choice-screen --disable-sync --enable-unsafe-swiftshader --no-sandbox --disable-translate --disable-features=Translate --user-data-dir=/tmp/playwright_chromiumdev_profile-Cfd6Sk --remote-debugging-pipe --no-startup-window[22m
    [2m  - <launched> pid=2524[22m
    [2m  - [pid=2524][err] [2524:2524:0208/180916.132216:ERROR:ui/ozone/platform/x11/ozone_platform_x11.cc:256] Missing X server or $DISPLAY[22m
    [2m  - [pid=2524][err] [2524:2524:0208/180916.132269:ERROR:ui/aura/env.cc:246] The platform failed to initialize.  Exiting.[22m
    [2m  - [pid=2524] <gracefully close start>[22m
    [2m  - [pid=2524] <kill>[22m
    [2m  - [pid=2524] <will force kill>[22m
    [2m  - [pid=2524] <process did exit: exitCode=1, signal=null>[22m
    [2m  - [pid=2524] starting temporary directories cleanup[22m
    [2m  - [pid=2524] finished temporary directories cleanup[22m
    [2m  - [pid=2524] <gracefully close end>[22m


  6) [Mobile Chrome] › tests/bluetooth_pin_management.spec.ts:8:3 › Bluetooth PIN Management › should send CREATE_MASTER_CODE event

    Error: browserType.launch: Target page, context or browser has been closed
    Browser logs:

    ╔════════════════════════════════════════════════════════════════════════════════════════════════╗
    ║ Looks like you launched a headed browser without having a XServer running.                     ║
    ║ Set either 'headless: true' or use 'xvfb-run <your-playwright-app>' before running Playwright. ║
    ║                                                                                                ║
    ║ <3 Playwright Team                                                                             ║
    ╚════════════════════════════════════════════════════════════════════════════════════════════════╝
    Call log:
    [2m  - <launching> /home/jules/.cache/ms-playwright/chromium-1208/chrome-linux64/chrome --disable-field-trial-config --disable-background-networking --disable-background-timer-throttling --disable-backgrounding-occluded-windows --disable-back-forward-cache --disable-breakpad --disable-client-side-phishing-detection --disable-component-extensions-with-background-pages --disable-component-update --no-default-browser-check --disable-default-apps --disable-dev-shm-usage --disable-extensions --disable-features=AvoidUnnecessaryBeforeUnloadCheckSync,BoundaryEventDispatchTracksNodeRemoval,DestroyProfileOnBrowserClose,DialMediaRouteProvider,GlobalMediaControls,HttpsUpgrades,LensOverlay,MediaRouter,PaintHolding,ThirdPartyStoragePartitioning,Translate,AutoDeElevate,RenderDocument,OptimizationHints --enable-features=CDPScreenshotNewSurface --allow-pre-commit-input --disable-hang-monitor --disable-ipc-flooding-protection --disable-popup-blocking --disable-prompt-on-repost --disable-renderer-backgrounding --force-color-profile=srgb --metrics-recording-only --no-first-run --password-store=basic --use-mock-keychain --no-service-autorun --export-tagged-pdf --disable-search-engine-choice-screen --unsafely-disable-devtools-self-xss-warnings --edge-skip-compat-layer-relaunch --enable-automation --disable-infobars --disable-search-engine-choice-screen --disable-sync --enable-unsafe-swiftshader --no-sandbox --disable-translate --disable-features=Translate --user-data-dir=/tmp/playwright_chromiumdev_profile-LjZfld --remote-debugging-pipe --no-startup-window[22m
    [2m  - <launched> pid=2556[22m
    [2m  - [pid=2556][err] [2556:2556:0208/180916.427416:ERROR:ui/ozone/platform/x11/ozone_platform_x11.cc:256] Missing X server or $DISPLAY[22m
    [2m  - [pid=2556][err] [2556:2556:0208/180916.427500:ERROR:ui/aura/env.cc:246] The platform failed to initialize.  Exiting.[22m
    [2m  - [pid=2556] <gracefully close start>[22m
    [2m  - [pid=2556] <kill>[22m
    [2m  - [pid=2556] <will force kill>[22m
    [2m  - [pid=2556] <process did exit: exitCode=1, signal=null>[22m
    [2m  - [pid=2556] starting temporary directories cleanup[22m
    [2m  - [pid=2556] finished temporary directories cleanup[22m
    [2m  - [pid=2556] <gracefully close end>[22m


  7) [Mobile Chrome] › tests/maintenance.spec.ts:20:3 › Maintenance Page › should navigate to maintenance page and run clean master codes script

    Error: browserType.launch: Target page, context or browser has been closed
    Browser logs:

    ╔════════════════════════════════════════════════════════════════════════════════════════════════╗
    ║ Looks like you launched a headed browser without having a XServer running.                     ║
    ║ Set either 'headless: true' or use 'xvfb-run <your-playwright-app>' before running Playwright. ║
    ║                                                                                                ║
    ║ <3 Playwright Team                                                                             ║
    ╚════════════════════════════════════════════════════════════════════════════════════════════════╝
    Call log:
    [2m  - <launching> /home/jules/.cache/ms-playwright/chromium-1208/chrome-linux64/chrome --disable-field-trial-config --disable-background-networking --disable-background-timer-throttling --disable-backgrounding-occluded-windows --disable-back-forward-cache --disable-breakpad --disable-client-side-phishing-detection --disable-component-extensions-with-background-pages --disable-component-update --no-default-browser-check --disable-default-apps --disable-dev-shm-usage --disable-extensions --disable-features=AvoidUnnecessaryBeforeUnloadCheckSync,BoundaryEventDispatchTracksNodeRemoval,DestroyProfileOnBrowserClose,DialMediaRouteProvider,GlobalMediaControls,HttpsUpgrades,LensOverlay,MediaRouter,PaintHolding,ThirdPartyStoragePartitioning,Translate,AutoDeElevate,RenderDocument,OptimizationHints --enable-features=CDPScreenshotNewSurface --allow-pre-commit-input --disable-hang-monitor --disable-ipc-flooding-protection --disable-popup-blocking --disable-prompt-on-repost --disable-renderer-backgrounding --force-color-profile=srgb --metrics-recording-only --no-first-run --password-store=basic --use-mock-keychain --no-service-autorun --export-tagged-pdf --disable-search-engine-choice-screen --unsafely-disable-devtools-self-xss-warnings --edge-skip-compat-layer-relaunch --enable-automation --disable-infobars --disable-search-engine-choice-screen --disable-sync --enable-unsafe-swiftshader --no-sandbox --disable-translate --disable-features=Translate --user-data-dir=/tmp/playwright_chromiumdev_profile-OKfNP2 --remote-debugging-pipe --no-startup-window[22m
    [2m  - <launched> pid=2590[22m
    [2m  - [pid=2590][err] [2590:2590:0208/180917.944869:ERROR:ui/ozone/platform/x11/ozone_platform_x11.cc:256] Missing X server or $DISPLAY[22m
    [2m  - [pid=2590][err] [2590:2590:0208/180917.944942:ERROR:ui/aura/env.cc:246] The platform failed to initialize.  Exiting.[22m
    [2m  - [pid=2590] <gracefully close start>[22m
    [2m  - [pid=2590] <kill>[22m
    [2m  - [pid=2590] <will force kill>[22m
    [2m  - [pid=2590] <process did exit: exitCode=1, signal=null>[22m
    [2m  - [pid=2590] starting temporary directories cleanup[22m
    [2m  - [pid=2590] finished temporary directories cleanup[22m
    [2m  - [pid=2590] <gracefully close end>[22m


  8) [Mobile Chrome] › tests/redirect_on_new_device.spec.ts:4:3 › New Device Redirect › should redirect to settings tab when adding a new device

    Error: browserType.launch: Target page, context or browser has been closed
    Browser logs:

    ╔════════════════════════════════════════════════════════════════════════════════════════════════╗
    ║ Looks like you launched a headed browser without having a XServer running.                     ║
    ║ Set either 'headless: true' or use 'xvfb-run <your-playwright-app>' before running Playwright. ║
    ║                                                                                                ║
    ║ <3 Playwright Team                                                                             ║
    ╚════════════════════════════════════════════════════════════════════════════════════════════════╝
    Call log:
    [2m  - <launching> /home/jules/.cache/ms-playwright/chromium-1208/chrome-linux64/chrome --disable-field-trial-config --disable-background-networking --disable-background-timer-throttling --disable-backgrounding-occluded-windows --disable-back-forward-cache --disable-breakpad --disable-client-side-phishing-detection --disable-component-extensions-with-background-pages --disable-component-update --no-default-browser-check --disable-default-apps --disable-dev-shm-usage --disable-extensions --disable-features=AvoidUnnecessaryBeforeUnloadCheckSync,BoundaryEventDispatchTracksNodeRemoval,DestroyProfileOnBrowserClose,DialMediaRouteProvider,GlobalMediaControls,HttpsUpgrades,LensOverlay,MediaRouter,PaintHolding,ThirdPartyStoragePartitioning,Translate,AutoDeElevate,RenderDocument,OptimizationHints --enable-features=CDPScreenshotNewSurface --allow-pre-commit-input --disable-hang-monitor --disable-ipc-flooding-protection --disable-popup-blocking --disable-prompt-on-repost --disable-renderer-backgrounding --force-color-profile=srgb --metrics-recording-only --no-first-run --password-store=basic --use-mock-keychain --no-service-autorun --export-tagged-pdf --disable-search-engine-choice-screen --unsafely-disable-devtools-self-xss-warnings --edge-skip-compat-layer-relaunch --enable-automation --disable-infobars --disable-search-engine-choice-screen --disable-sync --enable-unsafe-swiftshader --no-sandbox --disable-translate --disable-features=Translate --user-data-dir=/tmp/playwright_chromiumdev_profile-HGEjXP --remote-debugging-pipe --no-startup-window[22m
    [2m  - <launched> pid=2622[22m
    [2m  - [pid=2622][err] [2622:2622:0208/180918.309832:ERROR:ui/ozone/platform/x11/ozone_platform_x11.cc:256] Missing X server or $DISPLAY[22m
    [2m  - [pid=2622][err] [2622:2622:0208/180918.309957:ERROR:ui/aura/env.cc:246] The platform failed to initialize.  Exiting.[22m
    [2m  - [pid=2622] <gracefully close start>[22m
    [2m  - [pid=2622] <kill>[22m
    [2m  - [pid=2622] <will force kill>[22m
    [2m  - [pid=2622] <process did exit: exitCode=1, signal=null>[22m
    [2m  - [pid=2622] starting temporary directories cleanup[22m
    [2m  - [pid=2622] finished temporary directories cleanup[22m
    [2m  - [pid=2622] <gracefully close end>[22m


  9) [Mobile Chrome] › tests/screenshot_demo.spec.ts:3:1 › Generate screenshot of codes view with mixed statuses

    Error: browserType.launch: Target page, context or browser has been closed
    Browser logs:

    ╔════════════════════════════════════════════════════════════════════════════════════════════════╗
    ║ Looks like you launched a headed browser without having a XServer running.                     ║
    ║ Set either 'headless: true' or use 'xvfb-run <your-playwright-app>' before running Playwright. ║
    ║                                                                                                ║
    ║ <3 Playwright Team                                                                             ║
    ╚════════════════════════════════════════════════════════════════════════════════════════════════╝
    Call log:
    [2m  - <launching> /home/jules/.cache/ms-playwright/chromium-1208/chrome-linux64/chrome --disable-field-trial-config --disable-background-networking --disable-background-timer-throttling --disable-backgrounding-occluded-windows --disable-back-forward-cache --disable-breakpad --disable-client-side-phishing-detection --disable-component-extensions-with-background-pages --disable-component-update --no-default-browser-check --disable-default-apps --disable-dev-shm-usage --disable-extensions --disable-features=AvoidUnnecessaryBeforeUnloadCheckSync,BoundaryEventDispatchTracksNodeRemoval,DestroyProfileOnBrowserClose,DialMediaRouteProvider,GlobalMediaControls,HttpsUpgrades,LensOverlay,MediaRouter,PaintHolding,ThirdPartyStoragePartitioning,Translate,AutoDeElevate,RenderDocument,OptimizationHints --enable-features=CDPScreenshotNewSurface --allow-pre-commit-input --disable-hang-monitor --disable-ipc-flooding-protection --disable-popup-blocking --disable-prompt-on-repost --disable-renderer-backgrounding --force-color-profile=srgb --metrics-recording-only --no-first-run --password-store=basic --use-mock-keychain --no-service-autorun --export-tagged-pdf --disable-search-engine-choice-screen --unsafely-disable-devtools-self-xss-warnings --edge-skip-compat-layer-relaunch --enable-automation --disable-infobars --disable-search-engine-choice-screen --disable-sync --enable-unsafe-swiftshader --no-sandbox --disable-translate --disable-features=Translate --user-data-dir=/tmp/playwright_chromiumdev_profile-0VvZkj --remote-debugging-pipe --no-startup-window[22m
    [2m  - <launched> pid=2657[22m
    [2m  - [pid=2657][err] [2657:2657:0208/180919.754560:ERROR:ui/ozone/platform/x11/ozone_platform_x11.cc:256] Missing X server or $DISPLAY[22m
    [2m  - [pid=2657][err] [2657:2657:0208/180919.754611:ERROR:ui/aura/env.cc:246] The platform failed to initialize.  Exiting.[22m
    [2m  - [pid=2657] <gracefully close start>[22m
    [2m  - [pid=2657] <kill>[22m
    [2m  - [pid=2657] <will force kill>[22m
    [2m  - [pid=2657] <process did exit: exitCode=1, signal=null>[22m
    [2m  - [pid=2657] starting temporary directories cleanup[22m
    [2m  - [pid=2657] finished temporary directories cleanup[22m
    [2m  - [pid=2657] <gracefully close end>[22m


  10) [Mobile Chrome] › tests/version_gating.spec.ts:16:3 › Version Gating › should soft-disable NFC tab and show toast for older firmware

    Error: browserType.launch: Target page, context or browser has been closed
    Browser logs:

    ╔════════════════════════════════════════════════════════════════════════════════════════════════╗
    ║ Looks like you launched a headed browser without having a XServer running.                     ║
    ║ Set either 'headless: true' or use 'xvfb-run <your-playwright-app>' before running Playwright. ║
    ║                                                                                                ║
    ║ <3 Playwright Team                                                                             ║
    ╚════════════════════════════════════════════════════════════════════════════════════════════════╝
    Call log:
    [2m  - <launching> /home/jules/.cache/ms-playwright/chromium-1208/chrome-linux64/chrome --disable-field-trial-config --disable-background-networking --disable-background-timer-throttling --disable-backgrounding-occluded-windows --disable-back-forward-cache --disable-breakpad --disable-client-side-phishing-detection --disable-component-extensions-with-background-pages --disable-component-update --no-default-browser-check --disable-default-apps --disable-dev-shm-usage --disable-extensions --disable-features=AvoidUnnecessaryBeforeUnloadCheckSync,BoundaryEventDispatchTracksNodeRemoval,DestroyProfileOnBrowserClose,DialMediaRouteProvider,GlobalMediaControls,HttpsUpgrades,LensOverlay,MediaRouter,PaintHolding,ThirdPartyStoragePartitioning,Translate,AutoDeElevate,RenderDocument,OptimizationHints --enable-features=CDPScreenshotNewSurface --allow-pre-commit-input --disable-hang-monitor --disable-ipc-flooding-protection --disable-popup-blocking --disable-prompt-on-repost --disable-renderer-backgrounding --force-color-profile=srgb --metrics-recording-only --no-first-run --password-store=basic --use-mock-keychain --no-service-autorun --export-tagged-pdf --disable-search-engine-choice-screen --unsafely-disable-devtools-self-xss-warnings --edge-skip-compat-layer-relaunch --enable-automation --disable-infobars --disable-search-engine-choice-screen --disable-sync --enable-unsafe-swiftshader --no-sandbox --disable-translate --disable-features=Translate --user-data-dir=/tmp/playwright_chromiumdev_profile-XuolqK --remote-debugging-pipe --no-startup-window[22m
    [2m  - <launched> pid=2689[22m
    [2m  - [pid=2689][err] [2689:2689:0208/180920.211948:ERROR:ui/ozone/platform/x11/ozone_platform_x11.cc:256] Missing X server or $DISPLAY[22m
    [2m  - [pid=2689][err] [2689:2689:0208/180920.212003:ERROR:ui/aura/env.cc:246] The platform failed to initialize.  Exiting.[22m
    [2m  - [pid=2689] <gracefully close start>[22m
    [2m  - [pid=2689] <kill>[22m
    [2m  - [pid=2689] <will force kill>[22m
    [2m  - [pid=2689] <process did exit: exitCode=1, signal=null>[22m
    [2m  - [pid=2689] starting temporary directories cleanup[22m
    [2m  - [pid=2689] finished temporary directories cleanup[22m
    [2m  - [pid=2689] <gracefully close end>[22m


  11) [Mobile Chrome] › tests/version_gating.spec.ts:52:3 › Version Gating › should allow toggling La Poste on supported firmware

    Error: browserType.launch: Target page, context or browser has been closed
    Browser logs:

    ╔════════════════════════════════════════════════════════════════════════════════════════════════╗
    ║ Looks like you launched a headed browser without having a XServer running.                     ║
    ║ Set either 'headless: true' or use 'xvfb-run <your-playwright-app>' before running Playwright. ║
    ║                                                                                                ║
    ║ <3 Playwright Team                                                                             ║
    ╚════════════════════════════════════════════════════════════════════════════════════════════════╝
    Call log:
    [2m  - <launching> /home/jules/.cache/ms-playwright/chromium-1208/chrome-linux64/chrome --disable-field-trial-config --disable-background-networking --disable-background-timer-throttling --disable-backgrounding-occluded-windows --disable-back-forward-cache --disable-breakpad --disable-client-side-phishing-detection --disable-component-extensions-with-background-pages --disable-component-update --no-default-browser-check --disable-default-apps --disable-dev-shm-usage --disable-extensions --disable-features=AvoidUnnecessaryBeforeUnloadCheckSync,BoundaryEventDispatchTracksNodeRemoval,DestroyProfileOnBrowserClose,DialMediaRouteProvider,GlobalMediaControls,HttpsUpgrades,LensOverlay,MediaRouter,PaintHolding,ThirdPartyStoragePartitioning,Translate,AutoDeElevate,RenderDocument,OptimizationHints --enable-features=CDPScreenshotNewSurface --allow-pre-commit-input --disable-hang-monitor --disable-ipc-flooding-protection --disable-popup-blocking --disable-prompt-on-repost --disable-renderer-backgrounding --force-color-profile=srgb --metrics-recording-only --no-first-run --password-store=basic --use-mock-keychain --no-service-autorun --export-tagged-pdf --disable-search-engine-choice-screen --unsafely-disable-devtools-self-xss-warnings --edge-skip-compat-layer-relaunch --enable-automation --disable-infobars --disable-search-engine-choice-screen --disable-sync --enable-unsafe-swiftshader --no-sandbox --disable-translate --disable-features=Translate --user-data-dir=/tmp/playwright_chromiumdev_profile-v8O4Rz --remote-debugging-pipe --no-startup-window[22m
    [2m  - <launched> pid=2725[22m
    [2m  - [pid=2725][err] [2725:2725:0208/180921.588678:ERROR:ui/ozone/platform/x11/ozone_platform_x11.cc:256] Missing X server or $DISPLAY[22m
    [2m  - [pid=2725][err] [2725:2725:0208/180921.588731:ERROR:ui/aura/env.cc:246] The platform failed to initialize.  Exiting.[22m
    [2m  - [pid=2725] <gracefully close start>[22m
    [2m  - [pid=2725] <kill>[22m
    [2m  - [pid=2725] <will force kill>[22m
    [2m  - [pid=2725] <process did exit: exitCode=1, signal=null>[22m
    [2m  - [pid=2725] starting temporary directories cleanup[22m
    [2m  - [pid=2725] finished temporary directories cleanup[22m
    [2m  - [pid=2725] <gracefully close end>[22m


  12) [Mobile Chrome] › tests/version_gating.spec.ts:91:3 › Version Gating › should handle hardware version mapping

    Error: browserType.launch: Target page, context or browser has been closed
    Browser logs:

    ╔════════════════════════════════════════════════════════════════════════════════════════════════╗
    ║ Looks like you launched a headed browser without having a XServer running.                     ║
    ║ Set either 'headless: true' or use 'xvfb-run <your-playwright-app>' before running Playwright. ║
    ║                                                                                                ║
    ║ <3 Playwright Team                                                                             ║
    ╚════════════════════════════════════════════════════════════════════════════════════════════════╝
    Call log:
    [2m  - <launching> /home/jules/.cache/ms-playwright/chromium-1208/chrome-linux64/chrome --disable-field-trial-config --disable-background-networking --disable-background-timer-throttling --disable-backgrounding-occluded-windows --disable-back-forward-cache --disable-breakpad --disable-client-side-phishing-detection --disable-component-extensions-with-background-pages --disable-component-update --no-default-browser-check --disable-default-apps --disable-dev-shm-usage --disable-extensions --disable-features=AvoidUnnecessaryBeforeUnloadCheckSync,BoundaryEventDispatchTracksNodeRemoval,DestroyProfileOnBrowserClose,DialMediaRouteProvider,GlobalMediaControls,HttpsUpgrades,LensOverlay,MediaRouter,PaintHolding,ThirdPartyStoragePartitioning,Translate,AutoDeElevate,RenderDocument,OptimizationHints --enable-features=CDPScreenshotNewSurface --allow-pre-commit-input --disable-hang-monitor --disable-ipc-flooding-protection --disable-popup-blocking --disable-prompt-on-repost --disable-renderer-backgrounding --force-color-profile=srgb --metrics-recording-only --no-first-run --password-store=basic --use-mock-keychain --no-service-autorun --export-tagged-pdf --disable-search-engine-choice-screen --unsafely-disable-devtools-self-xss-warnings --edge-skip-compat-layer-relaunch --enable-automation --disable-infobars --disable-search-engine-choice-screen --disable-sync --enable-unsafe-swiftshader --no-sandbox --disable-translate --disable-features=Translate --user-data-dir=/tmp/playwright_chromiumdev_profile-UTafVh --remote-debugging-pipe --no-startup-window[22m
    [2m  - <launched> pid=2750[22m
    [2m  - [pid=2750][err] [2750:2750:0208/180922.034683:ERROR:ui/ozone/platform/x11/ozone_platform_x11.cc:256] Missing X server or $DISPLAY[22m
    [2m  - [pid=2750][err] [2750:2750:0208/180922.034734:ERROR:ui/aura/env.cc:246] The platform failed to initialize.  Exiting.[22m
    [2m  - [pid=2750] <gracefully close start>[22m
    [2m  - [pid=2750] <kill>[22m
    [2m  - [pid=2750] <will force kill>[22m
    [2m  - [pid=2750] <process did exit: exitCode=1, signal=null>[22m
    [2m  - [pid=2750] starting temporary directories cleanup[22m
    [2m  - [pid=2750] finished temporary directories cleanup[22m
    [2m  - [pid=2750] <gracefully close end>[22m


  12 failed
    [Mobile Chrome] › tests/basic_flow.spec.ts:8:3 › Boks Basic Flow (Simulator) › should load the dashboard
    [Mobile Chrome] › tests/basic_flow.spec.ts:12:3 › Boks Basic Flow (Simulator) › should connect using the simulator
    [Mobile Chrome] › tests/basic_flow.spec.ts:46:3 › Boks Basic Flow (Simulator) › should open the door via simulator
    [Mobile Chrome] › tests/bluetooth_logs.spec.ts:8:3 › Bluetooth Logs Feature › should send GET_LOGS_COUNT when refreshing logs
    [Mobile Chrome] › tests/bluetooth_open_door.spec.ts:8:3 › Bluetooth Open Door Feature › should send correct OPEN_DOOR packet with PIN code
    [Mobile Chrome] › tests/bluetooth_pin_management.spec.ts:8:3 › Bluetooth PIN Management › should send CREATE_MASTER_CODE event
    [Mobile Chrome] › tests/maintenance.spec.ts:20:3 › Maintenance Page › should navigate to maintenance page and run clean master codes script
    [Mobile Chrome] › tests/redirect_on_new_device.spec.ts:4:3 › New Device Redirect › should redirect to settings tab when adding a new device
    [Mobile Chrome] › tests/screenshot_demo.spec.ts:3:1 › Generate screenshot of codes view with mixed statuses
    [Mobile Chrome] › tests/version_gating.spec.ts:16:3 › Version Gating › should soft-disable NFC tab and show toast for older firmware
    [Mobile Chrome] › tests/version_gating.spec.ts:52:3 › Version Gating › should allow toggling La Poste on supported firmware
    [Mobile Chrome] › tests/version_gating.spec.ts:91:3 › Version Gating › should handle hardware version mapping
 ELIFECYCLE  Command failed with exit code 1.
